// Jest Snapshot v1, https://goo.gl/fbAQLP

exports[`MostBasicMonad can bind 1`] = `
MostBasicMonad {
  "value": "FOO",
}
`;
