// Jest Snapshot v1, https://goo.gl/fbAQLP

exports[`MostestMidMonad can use map 1`] = `
MostestMidMonad {
  "value": "FOO_MOSTEST_MID",
}
`;
